$ vitest tests/unit/asaas/batch-processor.test.ts

[1m[44m DEV [49m[22m [34mv4.0.17 [39m[90mD:/gpus[39m

 [32mÔ£ô[39m tests/unit/asaas/batch-processor.test.ts [2m([22m[2m14 tests[22m[2m)[22m[33m 7565[2mms[22m[39m
       [33m[2mÔ£ô[22m[39m should call onProgress at intervals [33m 979[2mms[22m[39m
       [33m[2mÔ£ô[22m[39m should retry failed items up to maxRetries [33m 3023[2mms[22m[39m
       [33m[2mÔ£ô[22m[39m should give up after maxRetries [33m 3014[2mms[22m[39m

[2m Test Files [22m [1m[32m1 passed[39m[22m[90m (1)[39m
[2m      Tests [22m [1m[32m14 passed[39m[22m[90m (14)[39m
[2m   Start at [22m 11:41:14
[2m   Duration [22m 8.25s[2m (transform 30ms, setup 73ms, import 16ms, tests 7.56s, environment 470ms)[22m

[1m[42m PASS [49m[22m [32mWaiting for file changes...[39m
       [2mpress [22m[1mh[22m[2m to show help[22m[2m, [22m[2mpress [22m[1mq[22m[2m to quit[22m
c[3J[1m[44m RERUN [49m[22m [34m[2mconvex/asaas/batchProcessor.ts [22m[34mx1 [34m[39m
       [2m Filename pattern: [22m[34mtests/unit/asaas/batch-processor.test.ts[39m

 [32mÔ£ô[39m tests/unit/asaas/batch-processor.test.ts [2m([22m[2m14 tests[22m[2m)[22m[33m 7574[2mms[22m[39m
       [33m[2mÔ£ô[22m[39m should call onProgress at intervals [33m 975[2mms[22m[39m
       [33m[2mÔ£ô[22m[39m should retry failed items up to maxRetries [33m 3024[2mms[22m[39m
       [33m[2mÔ£ô[22m[39m should give up after maxRetries [33m 3022[2mms[22m[39m

[2m Test Files [22m [1m[32m1 passed[39m[22m[90m (1)[39m
[2m      Tests [22m [1m[32m14 passed[39m[22m[90m (14)[39m
[2m   Start at [22m 11:42:06
[2m   Duration [22m 7.65s

[1m[42m PASS [49m[22m [32mWaiting for file changes...[39m
       [2mpress [22m[1mh[22m[2m to show help[22m[2m, [22m[2mpress [22m[1mq[22m[2m to quit[22m
